------------------------------------------------------------
TimeQuest Timing Analyzer Summary
------------------------------------------------------------

Type  : Slow 1100mV 85C Model Setup 'clk'
Slack : -0.333
TNS   : -4.416

Type  : Slow 1100mV 85C Model Hold 'clk'
Slack : 0.267
TNS   : 0.000

Type  : Slow 1100mV 85C Model Minimum Pulse Width 'clk'
Slack : -0.724
TNS   : -51.326

Type  : Slow 1100mV 0C Model Setup 'clk'
Slack : -0.346
TNS   : -4.272

Type  : Slow 1100mV 0C Model Hold 'clk'
Slack : 0.258
TNS   : 0.000

Type  : Slow 1100mV 0C Model Minimum Pulse Width 'clk'
Slack : -0.724
TNS   : -51.213

Type  : Fast 1100mV 85C Model Setup 'clk'
Slack : 0.441
TNS   : 0.000

Type  : Fast 1100mV 85C Model Hold 'clk'
Slack : 0.122
TNS   : 0.000

Type  : Fast 1100mV 85C Model Minimum Pulse Width 'clk'
Slack : -0.087
TNS   : -3.871

Type  : Fast 1100mV 0C Model Setup 'clk'
Slack : 0.474
TNS   : 0.000

Type  : Fast 1100mV 0C Model Hold 'clk'
Slack : 0.111
TNS   : 0.000

Type  : Fast 1100mV 0C Model Minimum Pulse Width 'clk'
Slack : -0.090
TNS   : -3.963

------------------------------------------------------------
