------------------------------------------------------------
TimeQuest Timing Analyzer Summary
------------------------------------------------------------

Type  : Slow 1100mV 85C Model Setup 'clk'
Slack : -5.142
TNS   : -148.601

Type  : Slow 1100mV 85C Model Hold 'clk'
Slack : 0.496
TNS   : 0.000

Type  : Slow 1100mV 85C Model Minimum Pulse Width 'clk'
Slack : -0.724
TNS   : -124.985

Type  : Slow 1100mV 0C Model Setup 'clk'
Slack : -5.280
TNS   : -153.067

Type  : Slow 1100mV 0C Model Hold 'clk'
Slack : 0.516
TNS   : 0.000

Type  : Slow 1100mV 0C Model Minimum Pulse Width 'clk'
Slack : -0.724
TNS   : -125.061

Type  : Fast 1100mV 85C Model Setup 'clk'
Slack : -1.718
TNS   : -45.546

Type  : Fast 1100mV 85C Model Hold 'clk'
Slack : 0.198
TNS   : 0.000

Type  : Fast 1100mV 85C Model Minimum Pulse Width 'clk'
Slack : -0.089
TNS   : -9.312

Type  : Fast 1100mV 0C Model Setup 'clk'
Slack : -1.471
TNS   : -39.676

Type  : Fast 1100mV 0C Model Hold 'clk'
Slack : 0.188
TNS   : 0.000

Type  : Fast 1100mV 0C Model Minimum Pulse Width 'clk'
Slack : -0.089
TNS   : -9.506

------------------------------------------------------------
