------------------------------------------------------------
TimeQuest Timing Analyzer Summary
------------------------------------------------------------

Type  : Slow 1100mV 85C Model Setup 'clk'
Slack : -0.598
TNS   : -7.361

Type  : Slow 1100mV 85C Model Hold 'clk'
Slack : 0.512
TNS   : 0.000

Type  : Slow 1100mV 85C Model Minimum Pulse Width 'clk'
Slack : -0.724
TNS   : -53.540

Type  : Slow 1100mV 0C Model Setup 'clk'
Slack : -0.670
TNS   : -7.791

Type  : Slow 1100mV 0C Model Hold 'clk'
Slack : 0.494
TNS   : 0.000

Type  : Slow 1100mV 0C Model Minimum Pulse Width 'clk'
Slack : -0.724
TNS   : -53.547

Type  : Fast 1100mV 85C Model Setup 'clk'
Slack : 0.350
TNS   : 0.000

Type  : Fast 1100mV 85C Model Hold 'clk'
Slack : 0.232
TNS   : 0.000

Type  : Fast 1100mV 85C Model Minimum Pulse Width 'clk'
Slack : -0.087
TNS   : -4.007

Type  : Fast 1100mV 0C Model Setup 'clk'
Slack : 0.393
TNS   : 0.000

Type  : Fast 1100mV 0C Model Hold 'clk'
Slack : 0.207
TNS   : 0.000

Type  : Fast 1100mV 0C Model Minimum Pulse Width 'clk'
Slack : -0.090
TNS   : -4.118

------------------------------------------------------------
