------------------------------------------------------------
TimeQuest Timing Analyzer Summary
------------------------------------------------------------

Type  : Slow 1100mV 85C Model Setup 'clk'
Slack : -2.846
TNS   : -77.698

Type  : Slow 1100mV 85C Model Hold 'clk'
Slack : 0.372
TNS   : 0.000

Type  : Slow 1100mV 85C Model Minimum Pulse Width 'clk'
Slack : -0.724
TNS   : -71.464

Type  : Slow 1100mV 0C Model Setup 'clk'
Slack : -2.998
TNS   : -79.868

Type  : Slow 1100mV 0C Model Hold 'clk'
Slack : 0.350
TNS   : 0.000

Type  : Slow 1100mV 0C Model Minimum Pulse Width 'clk'
Slack : -0.724
TNS   : -71.294

Type  : Fast 1100mV 85C Model Setup 'clk'
Slack : -0.721
TNS   : -15.664

Type  : Fast 1100mV 85C Model Hold 'clk'
Slack : 0.167
TNS   : 0.000

Type  : Fast 1100mV 85C Model Minimum Pulse Width 'clk'
Slack : -0.089
TNS   : -5.490

Type  : Fast 1100mV 0C Model Setup 'clk'
Slack : -0.554
TNS   : -11.980

Type  : Fast 1100mV 0C Model Hold 'clk'
Slack : 0.157
TNS   : 0.000

Type  : Fast 1100mV 0C Model Minimum Pulse Width 'clk'
Slack : -0.090
TNS   : -5.602

------------------------------------------------------------
