------------------------------------------------------------
TimeQuest Timing Analyzer Summary
------------------------------------------------------------

Type  : Slow 1100mV 85C Model Setup 'clk'
Slack : -3.184
TNS   : -3.184

Type  : Slow 1100mV 85C Model Hold 'clk'
Slack : 0.883
TNS   : 0.000

Type  : Slow 1100mV 85C Model Minimum Pulse Width 'clk'
Slack : -0.724
TNS   : -72.592

Type  : Slow 1100mV 0C Model Setup 'clk'
Slack : -3.312
TNS   : -3.312

Type  : Slow 1100mV 0C Model Hold 'clk'
Slack : 0.848
TNS   : 0.000

Type  : Slow 1100mV 0C Model Minimum Pulse Width 'clk'
Slack : -0.724
TNS   : -73.973

Type  : Fast 1100mV 85C Model Setup 'clk'
Slack : -0.752
TNS   : -0.752

Type  : Fast 1100mV 85C Model Hold 'clk'
Slack : 0.374
TNS   : 0.000

Type  : Fast 1100mV 85C Model Minimum Pulse Width 'clk'
Slack : -0.085
TNS   : -5.412

Type  : Fast 1100mV 0C Model Setup 'clk'
Slack : -0.640
TNS   : -0.640

Type  : Fast 1100mV 0C Model Hold 'clk'
Slack : 0.337
TNS   : 0.000

Type  : Fast 1100mV 0C Model Minimum Pulse Width 'clk'
Slack : -0.087
TNS   : -5.471

------------------------------------------------------------
